// Jest Snapshot v1, https://goo.gl/fbAQLP

exports[`Renders the NavBar correctly matches snapshot 1`] = `
<DocumentFragment>
  <nav
    class="navbar navbar-expand-lg navbar-dark bg-dark"
  >
    <a
      class="navbar-brand"
      href="/"
    >
      <img
        alt="Sky Retro Logo"
        src="sky_retro_logo.png"
        style="max-height: 1.5rem;"
      />
      <span>
         
      </span>
      Sky Retro
    </a>
    <button
      aria-controls="navbarText"
      aria-expanded="false"
      aria-label="Toggle navigation"
      class="navbar-toggler"
      data-target="#navbarText"
      data-toggle="collapse"
      type="button"
    >
      <span
        class="navbar-toggler-icon"
      />
    </button>
    <div
      class="collapse navbar-collapse"
      id="navbarText"
    >
      <ul
        class="navbar-nav mr-auto"
      />
      <a
        class="btn btn-primary"
        href="/login"
        id="login"
      >
        Sign In
      </a>
    </div>
  </nav>
</DocumentFragment>
`;
